====================
====================
==<<<<^==<<<<^======
=<v===^==v===<^=====
=v====<^=v====^=====
=v=====S=G====^=====
=v>==========^>=====
==v>========^>======
===v>======^>=======
====v>====^>========
=====v>==^>=========
======v>>>==========
=======..===========
====================
====================
====================
====================
====================
====================
====================